[12/Jun/2020:18:25:53 -0500] category=CORE severity=NOTICE msgID=134 msg=ForgeRock Directory Services 6.5.3+OPENDJ-7016,OPENDJ-5775,OPENDJ-7107,OPENDJ-7047 (build 20200530163553, revision number 76fcf21d8cd80e15f1cf5de9cd275e2536c58553) starting up
[12/Jun/2020:18:25:53 -0500] category=JVM severity=NOTICE msgID=21 msg=Installation Directory:  /forgerock/6.5.3/opendj
[12/Jun/2020:18:25:53 -0500] category=JVM severity=NOTICE msgID=23 msg=Instance Directory:      /forgerock/6.5.3/opendj
[12/Jun/2020:18:25:53 -0500] category=JVM severity=NOTICE msgID=17 msg=JVM Information: 1.8.0_222-b10 by Oracle Corporation, 64-bit architecture, 4241293312 bytes heap size
[12/Jun/2020:18:25:53 -0500] category=JVM severity=NOTICE msgID=18 msg=JVM Host: prodempcts2lsat, running Linux 3.10.0-1062.18.1.el7.x86_64 amd64, 33566781440 bytes physical memory size, number of processors available 8
[12/Jun/2020:18:25:53 -0500] category=JVM severity=NOTICE msgID=19 msg=JVM Arguments: "-Xms4G", "-Xmx4G", "-Xmn512M", "-XX:+UseConcMarkSweepGC", "-XX:+UseCompressedOops", "-XX:MaxTenuringThreshold=1", "-XX:+PrintGCDetails", "-XX:+PrintGCTimeStamps", "-Xloggc:/forgerock/logs/6.5.3/gc.log", "-Dorg.opends.server.scriptName=start-ds"
[12/Jun/2020:18:25:54 -0500] category=BACKEND severity=NOTICE msgID=513 msg=The database backend amCts containing 6 entries has started
[12/Jun/2020:18:25:55 -0500] category=SYNC severity=WARNING msgID=208 msg=Directory server DS(19148) was unable to connect to any replication servers for domain "cn=schema"
[12/Jun/2020:18:25:55 -0500] category=SYNC severity=WARNING msgID=208 msg=Directory server DS(25087) was unable to connect to any replication servers for domain "cn=admin data"
[12/Jun/2020:18:25:55 -0500] category=SYNC severity=WARNING msgID=208 msg=Directory server DS(23948) was unable to connect to any replication servers for domain "dc=cts,dc=usaa,dc=com"
[12/Jun/2020:18:25:56 -0500] category=PROTOCOL severity=NOTICE msgID=276 msg=Started listening for new connections on Administration Connector 0.0.0.0 port 5444
[12/Jun/2020:18:25:56 -0500] category=PROTOCOL severity=NOTICE msgID=276 msg=Started listening for new connections on HTTPS 0.0.0.0 port 9443
[12/Jun/2020:18:25:56 -0500] category=PROTOCOL severity=NOTICE msgID=276 msg=Started listening for new connections on LDAPS 0.0.0.0 port 2636
[12/Jun/2020:18:25:56 -0500] category=CORE severity=NOTICE msgID=135 msg=The Directory Server has started successfully
[12/Jun/2020:18:25:56 -0500] category=CORE severity=NOTICE msgID=139 msg=The Directory Server has sent an alert notification generated by class org.opends.server.core.DirectoryServer (alert type org.opends.server.DirectoryServerStarted, alert ID org.opends.messages.core-135): The Directory Server has started successfully
