CPU = 6.2 % (nid=0x4d5c)
"Replica replay thread 0" #32 prio=5 os_prio=0 tid=0x00007fc669725800 nid=0x4d5c waiting on condition [0x00007fc5cefde000]
   java.lang.Thread.State: TIMED_WAITING (parking)
	at sun.misc.Unsafe.park(Native Method)
	- parking to wait for  <0x00000006e1a776e0> (a java.util.concurrent.locks.AbstractQueuedSynchronizer$ConditionObject)
	at java.util.concurrent.locks.LockSupport.parkNanos(LockSupport.java:215)
	at java.util.concurrent.locks.AbstractQueuedSynchronizer$ConditionObject.awaitNanos(AbstractQueuedSynchronizer.java:2078)
	at java.util.concurrent.LinkedBlockingQueue.poll(LinkedBlockingQueue.java:467)
	at org.opends.server.replication.plugin.UpdateReplayThreadPool$ReplayThread.run(UpdateReplayThreadPool.java:240)

CPU = 6.2 % (nid=0x4d5f)
"Replica replay thread 3" #35 prio=5 os_prio=0 tid=0x00007fc66972a000 nid=0x4d5f waiting on condition [0x00007fc5cecdb000]
   java.lang.Thread.State: TIMED_WAITING (parking)
	at sun.misc.Unsafe.park(Native Method)
	- parking to wait for  <0x00000006e1b737c0> (a java.util.concurrent.locks.AbstractQueuedSynchronizer$ConditionObject)
	at java.util.concurrent.locks.LockSupport.parkNanos(LockSupport.java:215)
	at java.util.concurrent.locks.AbstractQueuedSynchronizer$ConditionObject.awaitNanos(AbstractQueuedSynchronizer.java:2078)
	at java.util.concurrent.LinkedBlockingQueue.poll(LinkedBlockingQueue.java:467)
	at org.opends.server.replication.plugin.UpdateReplayThreadPool$ReplayThread.run(UpdateReplayThreadPool.java:240)

