CPU = 6.7 % (nid=0x4d5f)
"Replica replay thread 3" #35 prio=5 os_prio=0 tid=0x00007fc66972a000 nid=0x4d5f waiting on condition [0x00007fc5cecdb000]
   java.lang.Thread.State: TIMED_WAITING (parking)
	at sun.misc.Unsafe.park(Native Method)
	- parking to wait for  <0x00000006e1b737c0> (a java.util.concurrent.locks.AbstractQueuedSynchronizer$ConditionObject)
	at java.util.concurrent.locks.LockSupport.parkNanos(LockSupport.java:215)
	at java.util.concurrent.locks.AbstractQueuedSynchronizer$ConditionObject.awaitNanos(AbstractQueuedSynchronizer.java:2078)
	at java.util.concurrent.LinkedBlockingQueue.poll(LinkedBlockingQueue.java:467)
	at org.opends.server.replication.plugin.UpdateReplayThreadPool$ReplayThread.run(UpdateReplayThreadPool.java:240)

CPU = 6.7 % (nid=0x4d66)
"Worker Thread 0" #42 prio=5 os_prio=0 tid=0x00007fc669765800 nid=0x4d66 waiting on condition [0x00007fc5ce3d4000]
   java.lang.Thread.State: TIMED_WAITING (parking)
	at sun.misc.Unsafe.park(Native Method)
	- parking to wait for  <0x00000006e19cd660> (a java.util.concurrent.locks.AbstractQueuedSynchronizer$ConditionObject)
	at java.util.concurrent.locks.LockSupport.parkNanos(LockSupport.java:215)
	at java.util.concurrent.locks.AbstractQueuedSynchronizer$ConditionObject.awaitNanos(AbstractQueuedSynchronizer.java:2078)
	at java.util.concurrent.LinkedBlockingQueue.poll(LinkedBlockingQueue.java:467)
	at org.opends.server.extensions.TraditionalWorkQueue$WorkerThread.tryNextOperation(TraditionalWorkQueue.java:550)
	at org.opends.server.extensions.TraditionalWorkQueue$WorkerThread.run(TraditionalWorkQueue.java:463)

CPU = 6.7 % (nid=0x4d71)
"LDAPS 0.0.0.0 port 2636(1) SelectorRunner" #53 daemon prio=5 os_prio=0 tid=0x00007fc6698e9000 nid=0x4d71 runnable [0x00007fc5cd6c9000]
   java.lang.Thread.State: RUNNABLE
	at sun.nio.ch.EPollArrayWrapper.epollWait(Native Method)
	at sun.nio.ch.EPollArrayWrapper.poll(EPollArrayWrapper.java:269)
	at sun.nio.ch.EPollSelectorImpl.doSelect(EPollSelectorImpl.java:93)
	at sun.nio.ch.SelectorImpl.lockAndDoSelect(SelectorImpl.java:86)
	- locked <0x00000006e1a02880> (a sun.nio.ch.Util$3)
	- locked <0x00000006e1a02868> (a java.util.Collections$UnmodifiableSet)
	- locked <0x00000006e1a68bb8> (a sun.nio.ch.EPollSelectorImpl)
	at sun.nio.ch.SelectorImpl.select(SelectorImpl.java:97)
	at org.glassfish.grizzly.nio.DefaultSelectorHandler.select(DefaultSelectorHandler.java:114)
	at org.glassfish.grizzly.nio.SelectorRunner.doSelect(SelectorRunner.java:339)
	at org.glassfish.grizzly.nio.SelectorRunner.run(SelectorRunner.java:279)
	at org.glassfish.grizzly.threadpool.AbstractThreadPool$Worker.doWork(AbstractThreadPool.java:593)
	at org.glassfish.grizzly.threadpool.AbstractThreadPool$Worker.run(AbstractThreadPool.java:573)
	at java.lang.Thread.run(Thread.java:748)

