CPU = 6.7 % (nid=0x4d42)
"C1 CompilerThread3" #9 daemon prio=9 os_prio=0 tid=0x00007fc66819a000 nid=0x4d42 waiting on condition [0x0000000000000000]
   java.lang.Thread.State: RUNNABLE

CPU = 6.7 % (nid=0x4d67)
"Worker Thread 1" #43 prio=5 os_prio=0 tid=0x00007fc669767800 nid=0x4d67 waiting on condition [0x00007fc5ce2d3000]
   java.lang.Thread.State: TIMED_WAITING (parking)
	at sun.misc.Unsafe.park(Native Method)
	- parking to wait for  <0x00000006e19cd660> (a java.util.concurrent.locks.AbstractQueuedSynchronizer$ConditionObject)
	at java.util.concurrent.locks.LockSupport.parkNanos(LockSupport.java:215)
	at java.util.concurrent.locks.AbstractQueuedSynchronizer$ConditionObject.awaitNanos(AbstractQueuedSynchronizer.java:2078)
	at java.util.concurrent.LinkedBlockingQueue.poll(LinkedBlockingQueue.java:467)
	at org.opends.server.extensions.TraditionalWorkQueue$WorkerThread.tryNextOperation(TraditionalWorkQueue.java:550)
	at org.opends.server.extensions.TraditionalWorkQueue$WorkerThread.run(TraditionalWorkQueue.java:463)

