CPU = 13.3 % (nid=0x4d5d)
"Replica replay thread 1" #33 prio=5 os_prio=0 tid=0x00007fc669726800 nid=0x4d5d waiting on condition [0x00007fc5ceedd000]
   java.lang.Thread.State: TIMED_WAITING (parking)
	at sun.misc.Unsafe.park(Native Method)
	- parking to wait for  <0x00000006e19cd588> (a java.util.concurrent.locks.AbstractQueuedSynchronizer$ConditionObject)
	at java.util.concurrent.locks.LockSupport.parkNanos(LockSupport.java:215)
	at java.util.concurrent.locks.AbstractQueuedSynchronizer$ConditionObject.awaitNanos(AbstractQueuedSynchronizer.java:2078)
	at java.util.concurrent.LinkedBlockingQueue.poll(LinkedBlockingQueue.java:467)
	at org.opends.server.replication.plugin.UpdateReplayThreadPool$ReplayThread.run(UpdateReplayThreadPool.java:240)

CPU = 6.7 % (nid=0x4d65)
"Replica DS(23948) listener for domain "dc=cts,dc=usaa,dc=com"" #41 prio=5 os_prio=0 tid=0x00007fc669763000 nid=0x4d65 runnable [0x00007fc5ce4d5000]
   java.lang.Thread.State: RUNNABLE
	at java.net.SocketInputStream.socketRead0(Native Method)
	at java.net.SocketInputStream.socketRead(SocketInputStream.java:116)
	at java.net.SocketInputStream.read(SocketInputStream.java:171)
	at java.net.SocketInputStream.read(SocketInputStream.java:141)
	at sun.security.ssl.InputRecord.readFully(InputRecord.java:465)
	at sun.security.ssl.InputRecord.read(InputRecord.java:503)
	at sun.security.ssl.SSLSocketImpl.readRecord(SSLSocketImpl.java:975)
	- locked <0x00000006e28ea4e8> (a java.lang.Object)
	at sun.security.ssl.SSLSocketImpl.readDataRecord(SSLSocketImpl.java:933)
	at sun.security.ssl.AppInputStream.read(AppInputStream.java:105)
	- locked <0x00000006e28ea5a8> (a sun.security.ssl.AppInputStream)
	at java.io.BufferedInputStream.fill(BufferedInputStream.java:246)
	at java.io.BufferedInputStream.read1(BufferedInputStream.java:286)
	at java.io.BufferedInputStream.read(BufferedInputStream.java:345)
	- locked <0x00000006e286f5e8> (a java.io.BufferedInputStream)
	at org.opends.server.replication.protocol.SessionImpl.read(SessionImpl.java:308)
	at org.opends.server.replication.protocol.SessionImpl.receive(SessionImpl.java:279)
	at org.opends.server.replication.service.ReplicationBroker.receive(ReplicationBroker.java:1966)
	at org.opends.server.replication.service.ReplicationDomain.receiveAndProcessUpdates(ReplicationDomain.java:738)
	at org.opends.server.replication.service.ReplicationDomain.runReplicationListener(ReplicationDomain.java:2220)
	at org.opends.server.replication.service.ReplicationDomain$$Lambda$291/577037372.run(Unknown Source)
	at java.lang.Thread.run(Thread.java:748)

CPU = 6.7 % (nid=0x4d68)
"Worker Thread 2" #44 prio=5 os_prio=0 tid=0x00007fc669769800 nid=0x4d68 waiting on condition [0x00007fc5ce1d2000]
   java.lang.Thread.State: TIMED_WAITING (parking)
	at sun.misc.Unsafe.park(Native Method)
	- parking to wait for  <0x00000006e19cd660> (a java.util.concurrent.locks.AbstractQueuedSynchronizer$ConditionObject)
	at java.util.concurrent.locks.LockSupport.parkNanos(LockSupport.java:215)
	at java.util.concurrent.locks.AbstractQueuedSynchronizer$ConditionObject.awaitNanos(AbstractQueuedSynchronizer.java:2078)
	at java.util.concurrent.LinkedBlockingQueue.poll(LinkedBlockingQueue.java:467)
	at org.opends.server.extensions.TraditionalWorkQueue$WorkerThread.tryNextOperation(TraditionalWorkQueue.java:550)
	at org.opends.server.extensions.TraditionalWorkQueue$WorkerThread.run(TraditionalWorkQueue.java:463)

CPU = 6.7 % (nid=0x4d6a)
"Worker Thread 4" #46 prio=5 os_prio=0 tid=0x00007fc66976d000 nid=0x4d6a waiting on condition [0x00007fc5cdfd0000]
   java.lang.Thread.State: TIMED_WAITING (parking)
	at sun.misc.Unsafe.park(Native Method)
	- parking to wait for  <0x00000006e19cd660> (a java.util.concurrent.locks.AbstractQueuedSynchronizer$ConditionObject)
	at java.util.concurrent.locks.LockSupport.parkNanos(LockSupport.java:215)
	at java.util.concurrent.locks.AbstractQueuedSynchronizer$ConditionObject.awaitNanos(AbstractQueuedSynchronizer.java:2078)
	at java.util.concurrent.LinkedBlockingQueue.poll(LinkedBlockingQueue.java:467)
	at org.opends.server.extensions.TraditionalWorkQueue$WorkerThread.tryNextOperation(TraditionalWorkQueue.java:550)
	at org.opends.server.extensions.TraditionalWorkQueue$WorkerThread.run(TraditionalWorkQueue.java:463)

CPU = 6.7 % (nid=0x4d72)
"LDAPS 0.0.0.0 port 2636(2) SelectorRunner" #54 daemon prio=5 os_prio=0 tid=0x00007fc6698ea800 nid=0x4d72 runnable [0x00007fc5cd5c8000]
   java.lang.Thread.State: RUNNABLE
	at sun.misc.Unsafe.unpark(Native Method)
	at java.util.concurrent.locks.LockSupport.unpark(LockSupport.java:141)
	at java.util.concurrent.locks.AbstractQueuedSynchronizer.unparkSuccessor(AbstractQueuedSynchronizer.java:662)
	at java.util.concurrent.locks.AbstractQueuedSynchronizer.release(AbstractQueuedSynchronizer.java:1264)
	at java.util.concurrent.locks.ReentrantLock.unlock(ReentrantLock.java:457)
	at java.util.concurrent.LinkedBlockingQueue.signalNotEmpty(LinkedBlockingQueue.java:176)
	at java.util.concurrent.LinkedBlockingQueue.offer(LinkedBlockingQueue.java:395)
	at org.opends.server.extensions.TraditionalWorkQueue.submitOperation(TraditionalWorkQueue.java:259)
	at org.opends.server.extensions.TraditionalWorkQueue.submitOperation(TraditionalWorkQueue.java:225)
	at org.opends.server.core.DirectoryServer.enqueueRequest(DirectoryServer.java:2985)
	at org.opends.server.core.WorkQueueStrategy.enqueueRequest(WorkQueueStrategy.java:33)
	at org.opends.server.protocols.ldap.LdapClientConnection.addOperationInProgress(LdapClientConnection.java:441)
	at org.opends.server.protocols.ldap.LdapClientConnection.access$500(LdapClientConnection.java:114)
	at org.opends.server.protocols.ldap.LdapClientConnection$2.processOperation(LdapClientConnection.java:725)
	at org.opends.server.protocols.ldap.LdapClientConnection$2.visitRequest(LdapClientConnection.java:697)
	at org.opends.server.protocols.ldap.LdapClientConnection$2.visitRequest(LdapClientConnection.java:548)
	at org.forgerock.opendj.ldap.messages.SearchRequestImpl.accept(SearchRequestImpl.java:62)
	at org.opends.server.protocols.ldap.LdapClientConnection.handleRequestAccept(LdapClientConnection.java:548)
	at org.opends.server.protocols.ldap.LdapClientConnection.handleRequest(LdapClientConnection.java:528)
	at org.opends.server.protocols.ldap.LdapClientConnection.lambda$handle$1(LdapClientConnection.java:491)
	at org.opends.server.protocols.ldap.LdapClientConnection$$Lambda$409/1451358368.subscribe(Unknown Source)
	at io.reactivex.internal.operators.flowable.FlowableCreate.subscribeActual(FlowableCreate.java:72)
	at io.reactivex.Flowable.subscribe(Flowable.java:13234)
	at io.reactivex.internal.operators.flowable.FlowableDoOnLifecycle.subscribeActual(FlowableDoOnLifecycle.java:38)
	at io.reactivex.Flowable.subscribe(Flowable.java:13234)
	at io.reactivex.Flowable.subscribe(Flowable.java:13183)
	at io.reactivex.internal.operators.flowable.FlowableLift.subscribeActual(FlowableLift.java:49)
	at io.reactivex.Flowable.subscribe(Flowable.java:13234)
	at io.reactivex.internal.operators.flowable.FlowableOnErrorNext.subscribeActual(FlowableOnErrorNext.java:39)
	at io.reactivex.Flowable.subscribe(Flowable.java:13234)
	at io.reactivex.Flowable.subscribe(Flowable.java:13180)
	at io.reactivex.internal.operators.flowable.FlowableLift.subscribeActual(FlowableLift.java:49)
	at io.reactivex.Flowable.subscribe(Flowable.java:13234)
	at io.reactivex.internal.operators.flowable.FlowableDoOnEach.subscribeActual(FlowableDoOnEach.java:50)
	at io.reactivex.Flowable.subscribe(Flowable.java:13234)
	at io.reactivex.internal.operators.flowable.FlowableDoFinally.subscribeActual(FlowableDoFinally.java:47)
	at io.reactivex.Flowable.subscribe(Flowable.java:13234)
	at io.reactivex.internal.operators.flowable.FlowableMap.subscribeActual(FlowableMap.java:38)
	at io.reactivex.Flowable.subscribe(Flowable.java:13234)
	at io.reactivex.internal.operators.flowable.FlowableDoOnEach.subscribeActual(FlowableDoOnEach.java:50)
	at io.reactivex.Flowable.subscribe(Flowable.java:13234)
	at io.reactivex.internal.operators.flowable.FlowableOnErrorNext.subscribeActual(FlowableOnErrorNext.java:39)
	at io.reactivex.Flowable.subscribe(Flowable.java:13234)
	at io.reactivex.internal.operators.flowable.FlowableDoOnEach.subscribeActual(FlowableDoOnEach.java:50)
	at io.reactivex.Flowable.subscribe(Flowable.java:13234)
	at io.reactivex.internal.operators.flowable.FlowableDoOnEach.subscribeActual(FlowableDoOnEach.java:50)
	at io.reactivex.Flowable.subscribe(Flowable.java:13234)
	at io.reactivex.internal.operators.flowable.FlowableOnErrorReturn.subscribeActual(FlowableOnErrorReturn.java:33)
	at io.reactivex.Flowable.subscribe(Flowable.java:13234)
	at io.reactivex.internal.operators.flowable.FlowableMap.subscribeActual(FlowableMap.java:38)
	at io.reactivex.Flowable.subscribe(Flowable.java:13234)
	at io.reactivex.Flowable.subscribe(Flowable.java:13180)
	at io.reactivex.Flowable.subscribeWith(Flowable.java:13289)
	at org.forgerock.opendj.ldap.LdapServer$LdapSessionImpl.handleRequest(LdapServer.java:412)
	at org.forgerock.opendj.ldap.LdapServer$LdapSessionImpl.lambda$handleRequestsWith$0(LdapServer.java:391)
	at org.forgerock.opendj.ldap.LdapServer$LdapSessionImpl$$Lambda$405/1967105805.apply(Unknown Source)
	at io.reactivex.internal.operators.flowable.FlowableFlatMap$MergeSubscriber.onNext(FlowableFlatMap.java:132)
	at io.reactivex.internal.operators.flowable.FlowableDoOnEach$DoOnEachSubscriber.onNext(FlowableDoOnEach.java:92)
	at org.forgerock.opendj.grizzly.GrizzlyLdapSocketFilter$GrizzlyReader.handleRead(GrizzlyLdapSocketFilter.java:331)
	at org.forgerock.opendj.grizzly.GrizzlyLdapSocketFilter.handleRead(GrizzlyLdapSocketFilter.java:135)
	at org.glassfish.grizzly.filterchain.ExecutorResolver$9.execute(ExecutorResolver.java:119)
	at org.glassfish.grizzly.filterchain.DefaultFilterChain.executeFilter(DefaultFilterChain.java:284)
	at org.glassfish.grizzly.filterchain.DefaultFilterChain.executeChainPart(DefaultFilterChain.java:201)
	at org.glassfish.grizzly.filterchain.DefaultFilterChain.execute(DefaultFilterChain.java:133)
	at org.glassfish.grizzly.filterchain.DefaultFilterChain.process(DefaultFilterChain.java:112)
	at org.glassfish.grizzly.ProcessorExecutor.execute(ProcessorExecutor.java:77)
	at org.glassfish.grizzly.nio.transport.TCPNIOTransport.fireIOEvent(TCPNIOTransport.java:539)
	at org.glassfish.grizzly.strategies.AbstractIOStrategy.fireIOEvent(AbstractIOStrategy.java:112)
	at org.glassfish.grizzly.strategies.SameThreadIOStrategy.executeIoEvent(SameThreadIOStrategy.java:103)
	at org.glassfish.grizzly.strategies.AbstractIOStrategy.executeIoEvent(AbstractIOStrategy.java:89)
	at org.glassfish.grizzly.nio.SelectorRunner.iterateKeyEvents(SelectorRunner.java:415)
	at org.glassfish.grizzly.nio.SelectorRunner.iterateKeys(SelectorRunner.java:384)
	at org.glassfish.grizzly.nio.SelectorRunner.doSelect(SelectorRunner.java:348)
	at org.glassfish.grizzly.nio.SelectorRunner.run(SelectorRunner.java:279)
	at org.glassfish.grizzly.threadpool.AbstractThreadPool$Worker.doWork(AbstractThreadPool.java:593)
	at org.glassfish.grizzly.threadpool.AbstractThreadPool$Worker.run(AbstractThreadPool.java:573)
	at java.lang.Thread.run(Thread.java:748)

