CPU = 6.7 % (nid=0x4d5d)
"Replica replay thread 1" #33 prio=5 os_prio=0 tid=0x00007fc669726800 nid=0x4d5d waiting on condition [0x00007fc5ceedd000]
   java.lang.Thread.State: TIMED_WAITING (parking)
	at sun.misc.Unsafe.park(Native Method)
	- parking to wait for  <0x00000006e19cd588> (a java.util.concurrent.locks.AbstractQueuedSynchronizer$ConditionObject)
	at java.util.concurrent.locks.LockSupport.parkNanos(LockSupport.java:215)
	at java.util.concurrent.locks.AbstractQueuedSynchronizer$ConditionObject.awaitNanos(AbstractQueuedSynchronizer.java:2078)
	at java.util.concurrent.LinkedBlockingQueue.poll(LinkedBlockingQueue.java:467)
	at org.opends.server.replication.plugin.UpdateReplayThreadPool$ReplayThread.run(UpdateReplayThreadPool.java:240)

CPU = 6.7 % (nid=0x4d65)
"Replica DS(23948) listener for domain "dc=cts,dc=usaa,dc=com"" #41 prio=5 os_prio=0 tid=0x00007fc669763000 nid=0x4d65 runnable [0x00007fc5ce4d5000]
   java.lang.Thread.State: RUNNABLE
	at java.net.SocketInputStream.socketRead0(Native Method)
	at java.net.SocketInputStream.socketRead(SocketInputStream.java:116)
	at java.net.SocketInputStream.read(SocketInputStream.java:171)
	at java.net.SocketInputStream.read(SocketInputStream.java:141)
	at sun.security.ssl.InputRecord.readFully(InputRecord.java:465)
	at sun.security.ssl.InputRecord.read(InputRecord.java:503)
	at sun.security.ssl.SSLSocketImpl.readRecord(SSLSocketImpl.java:975)
	- locked <0x00000006e28ea4e8> (a java.lang.Object)
	at sun.security.ssl.SSLSocketImpl.readDataRecord(SSLSocketImpl.java:933)
	at sun.security.ssl.AppInputStream.read(AppInputStream.java:105)
	- locked <0x00000006e28ea5a8> (a sun.security.ssl.AppInputStream)
	at java.io.BufferedInputStream.fill(BufferedInputStream.java:246)
	at java.io.BufferedInputStream.read1(BufferedInputStream.java:286)
	at java.io.BufferedInputStream.read(BufferedInputStream.java:345)
	- locked <0x00000006e286f5e8> (a java.io.BufferedInputStream)
	at org.opends.server.replication.protocol.SessionImpl.read(SessionImpl.java:308)
	at org.opends.server.replication.protocol.SessionImpl.receive(SessionImpl.java:279)
	at org.opends.server.replication.service.ReplicationBroker.receive(ReplicationBroker.java:1966)
	at org.opends.server.replication.service.ReplicationDomain.receiveAndProcessUpdates(ReplicationDomain.java:738)
	at org.opends.server.replication.service.ReplicationDomain.runReplicationListener(ReplicationDomain.java:2220)
	at org.opends.server.replication.service.ReplicationDomain$$Lambda$291/577037372.run(Unknown Source)
	at java.lang.Thread.run(Thread.java:748)

